// Jest Snapshot v1, https://goo.gl/fbAQLP

exports[`Timeline renders correctly 1`] = `
Object {
  "asFragment": [Function],
  "baseElement": <body>
    <div>
      <div>
        <div
          style="transform: translate3d(-100%, 0, 0);"
        >
          <div
            class="sc-bwzfXH fzPNbR"
          >
            <div
              class="sc-htpNat fjcJqy"
              data-testid="timelineSection"
            >
              <div
                style="transform: translate3d(0, -4px, 0) scaleY(1.02);"
              >
                <div
                  class="sc-bdVaJa hBkPjd"
                >
                  <div>
                    2020
                  </div>
                </div>
              </div>
              <div
                class="css-q7lffx"
              >
                <div
                  class="sc-bxivhb hkpChk"
                >
                  <div
                    style="transform: scale3d(1.25, 0.75, 1);"
                  >
                    <div
                      data-testid="timelineItem"
                      style="cursor: pointer;"
                    >
                      <h4>
                        Wednesday, 16 September
                      </h4>
                      <h5>
                        九月十六日，星期三
                      </h5>
                      <img
                        alt="pic"
                        src="https://images.unsplash.com/photo-1600790078201-5490baf711d6?ixlib=rb-1.2.1&ixid=eyJhcHBfaWQiOjEyMDd9&auto=format&fit=crop&w=500&q=60"
                        style="max-width: 400px; width: 100%; min-width: 100px; padding-bottom: 10px;"
                      />
                    </div>
                    <div
                      style="font-size: small; text-align: right;"
                    >
                      <span
                        aria-label="localtion"
                        role="img"
                      >
                        📍
                      </span>
                       
                      北京
                      <div>
                        <a
                          href="https://www.google.co.uk/maps/place/{北京"
                          rel="noopener noreferrer"
                          target="_blank"
                        >
                          <svg
                            aria-hidden="true"
                            class="StyledIconBase-ea9ulj-0 iLHuDN"
                            fill="currentColor"
                            focusable="false"
                            height="22"
                            style="margin-top: 5px;"
                            viewBox="0 0 100 100"
                            width="22"
                            xmlns="http://www.w3.org/2000/svg"
                          >
                            <path
                              d="M91.967 7.961c0-.016.005-.031.005-.047a2.733 2.733 0 00-2.73-2.733H39.559v.011L8.031 36.721h-.003v55.365h.003v.001a2.735 2.735 0 002.734 2.731h78.479a2.73 2.73 0 002.663-2.15h.06v-.536c0-.015.004-.029.004-.044s-.004-.029-.004-.044V7.961zm-24.328 7.177H82.01v24.597L63.897 21.621l3.742-6.483zM39.57 39.453v-.001a2.732 2.732 0 002.722-2.73V15.138H61.88l-27.17 47.06-16.725-16.725v-6.02H39.57zM17.985 84.862V52.527L32.128 66.67 21.626 84.862h-3.641zm9.4 0l33.93-58.769 20.696 20.696v38.073H27.385z"
                            />
                            <path
                              d="M62.03 45.576c-6.645 0-12.026 5.387-12.026 12.027 0 2.659.873 5.109 2.334 7.1l7.759 13.439c.047.094.097.186.157.271l.016.027.004-.002a2.16 2.16 0 003.405.132l.02.011.075-.129a2.25 2.25 0 00.287-.497l7.608-13.178a11.962 11.962 0 002.39-7.175c-.003-6.639-5.384-12.026-12.029-12.026zM61.911 63.7a5.924 5.924 0 01-5.926-5.925 5.926 5.926 0 115.926 5.925z"
                            />
                          </svg>
                        </a>
                      </div>
                    </div>
                  </div>
                </div>
              </div>
              <div
                class="css-q7lffx"
              >
                <div
                  class="sc-bxivhb hkpChk"
                >
                  <div
                    style="transform: scale3d(1.25, 0.75, 1);"
                  >
                    <div
                      data-testid="timelineItem"
                      style="cursor: pointer;"
                    >
                      <h4>
                        Tuesday, 16 June
                      </h4>
                      <h5>
                        六月十六日，星期二
                      </h5>
                      <img
                        alt="pic"
                        src="https://images.unsplash.com/photo-1587648030644-b53c19c433fb?ixlib=rb-1.2.1&ixid=eyJhcHBfaWQiOjEyMDd9&auto=format&fit=crop&w=800&q=60"
                        style="max-width: 400px; width: 100%; min-width: 100px; padding-bottom: 10px;"
                      />
                    </div>
                    <div
                      style="font-size: small; text-align: right;"
                    >
                      <span
                        aria-label="localtion"
                        role="img"
                      >
                        📍
                      </span>
                       
                      上海
                      <div>
                        <a
                          href="https://www.google.co.uk/maps/place/{上海"
                          rel="noopener noreferrer"
                          target="_blank"
                        >
                          <svg
                            aria-hidden="true"
                            class="StyledIconBase-ea9ulj-0 iLHuDN"
                            fill="currentColor"
                            focusable="false"
                            height="22"
                            style="margin-top: 5px;"
                            viewBox="0 0 100 100"
                            width="22"
                            xmlns="http://www.w3.org/2000/svg"
                          >
                            <path
                              d="M91.967 7.961c0-.016.005-.031.005-.047a2.733 2.733 0 00-2.73-2.733H39.559v.011L8.031 36.721h-.003v55.365h.003v.001a2.735 2.735 0 002.734 2.731h78.479a2.73 2.73 0 002.663-2.15h.06v-.536c0-.015.004-.029.004-.044s-.004-.029-.004-.044V7.961zm-24.328 7.177H82.01v24.597L63.897 21.621l3.742-6.483zM39.57 39.453v-.001a2.732 2.732 0 002.722-2.73V15.138H61.88l-27.17 47.06-16.725-16.725v-6.02H39.57zM17.985 84.862V52.527L32.128 66.67 21.626 84.862h-3.641zm9.4 0l33.93-58.769 20.696 20.696v38.073H27.385z"
                            />
                            <path
                              d="M62.03 45.576c-6.645 0-12.026 5.387-12.026 12.027 0 2.659.873 5.109 2.334 7.1l7.759 13.439c.047.094.097.186.157.271l.016.027.004-.002a2.16 2.16 0 003.405.132l.02.011.075-.129a2.25 2.25 0 00.287-.497l7.608-13.178a11.962 11.962 0 002.39-7.175c-.003-6.639-5.384-12.026-12.029-12.026zM61.911 63.7a5.924 5.924 0 01-5.926-5.925 5.926 5.926 0 115.926 5.925z"
                            />
                          </svg>
                        </a>
                      </div>
                    </div>
                  </div>
                </div>
              </div>
              <div
                class="css-q7lffx"
              >
                <div
                  class="sc-bxivhb hkpChk"
                >
                  <div
                    style="transform: scale3d(1.25, 0.75, 1);"
                  >
                    <div
                      data-testid="timelineItem"
                      style="cursor: pointer;"
                    >
                      <h4>
                        Friday, 27 March
                      </h4>
                      <h5>
                        副标题
                      </h5>
                      <img
                        alt="pic"
                        src="https://images.unsplash.com/photo-1600679621003-7d73ef359c8c?ixlib=rb-1.2.1&ixid=eyJhcHBfaWQiOjEyMDd9&auto=format&fit=crop&w=500&q=60.unsplash.com/photo-1600790078201-5490baf711d6?ixlib=rb-1.2.1&ixid=eyJhcHBfaWQiOjEyMDd9&auto=format&fit=crop&w=500&q=60"
                        style="max-width: 400px; width: 100%; min-width: 100px; padding-bottom: 10px;"
                      />
                    </div>
                    <div
                      style="font-size: small; text-align: right;"
                    >
                      <span
                        aria-label="localtion"
                        role="img"
                      >
                        📍
                      </span>
                       
                      杭州
                      <div>
                        <a
                          href="https://www.google.co.uk/maps/place/{杭州"
                          rel="noopener noreferrer"
                          target="_blank"
                        >
                          <svg
                            aria-hidden="true"
                            class="StyledIconBase-ea9ulj-0 iLHuDN"
                            fill="currentColor"
                            focusable="false"
                            height="22"
                            style="margin-top: 5px;"
                            viewBox="0 0 100 100"
                            width="22"
                            xmlns="http://www.w3.org/2000/svg"
                          >
                            <path
                              d="M91.967 7.961c0-.016.005-.031.005-.047a2.733 2.733 0 00-2.73-2.733H39.559v.011L8.031 36.721h-.003v55.365h.003v.001a2.735 2.735 0 002.734 2.731h78.479a2.73 2.73 0 002.663-2.15h.06v-.536c0-.015.004-.029.004-.044s-.004-.029-.004-.044V7.961zm-24.328 7.177H82.01v24.597L63.897 21.621l3.742-6.483zM39.57 39.453v-.001a2.732 2.732 0 002.722-2.73V15.138H61.88l-27.17 47.06-16.725-16.725v-6.02H39.57zM17.985 84.862V52.527L32.128 66.67 21.626 84.862h-3.641zm9.4 0l33.93-58.769 20.696 20.696v38.073H27.385z"
                            />
                            <path
                              d="M62.03 45.576c-6.645 0-12.026 5.387-12.026 12.027 0 2.659.873 5.109 2.334 7.1l7.759 13.439c.047.094.097.186.157.271l.016.027.004-.002a2.16 2.16 0 003.405.132l.02.011.075-.129a2.25 2.25 0 00.287-.497l7.608-13.178a11.962 11.962 0 002.39-7.175c-.003-6.639-5.384-12.026-12.029-12.026zM61.911 63.7a5.924 5.924 0 01-5.926-5.925 5.926 5.926 0 115.926 5.925z"
                            />
                          </svg>
                        </a>
                      </div>
                    </div>
                  </div>
                </div>
              </div>
            </div>
            <div
              class="sc-htpNat fjcJqy"
              data-testid="timelineSection"
            >
              <div
                style="transform: translate3d(0, -4px, 0) scaleY(1.02);"
              >
                <div
                  class="sc-bdVaJa hBkPjd"
                >
                  <div>
                    2019
                  </div>
                </div>
              </div>
              <div
                class="css-q7lffx"
              >
                <div
                  class="sc-bxivhb hkpChk"
                >
                  <div
                    style="transform: scale3d(1.25, 0.75, 1);"
                  >
                    <div
                      data-testid="timelineItem"
                      style="cursor: pointer;"
                    >
                      <h4>
                        Friday, 16 August
                      </h4>
                      <h5>
                        八月十六日，星期五
                      </h5>
                    </div>
                    <div
                      style="font-size: small; text-align: right;"
                    >
                      <span
                        aria-label="localtion"
                        role="img"
                      >
                        📍
                      </span>
                       
                      石家庄
                      <div>
                        <a
                          href="https://www.google.co.uk/maps/place/{石家庄"
                          rel="noopener noreferrer"
                          target="_blank"
                        >
                          <svg
                            aria-hidden="true"
                            class="StyledIconBase-ea9ulj-0 iLHuDN"
                            fill="currentColor"
                            focusable="false"
                            height="22"
                            style="margin-top: 5px;"
                            viewBox="0 0 100 100"
                            width="22"
                            xmlns="http://www.w3.org/2000/svg"
                          >
                            <path
                              d="M91.967 7.961c0-.016.005-.031.005-.047a2.733 2.733 0 00-2.73-2.733H39.559v.011L8.031 36.721h-.003v55.365h.003v.001a2.735 2.735 0 002.734 2.731h78.479a2.73 2.73 0 002.663-2.15h.06v-.536c0-.015.004-.029.004-.044s-.004-.029-.004-.044V7.961zm-24.328 7.177H82.01v24.597L63.897 21.621l3.742-6.483zM39.57 39.453v-.001a2.732 2.732 0 002.722-2.73V15.138H61.88l-27.17 47.06-16.725-16.725v-6.02H39.57zM17.985 84.862V52.527L32.128 66.67 21.626 84.862h-3.641zm9.4 0l33.93-58.769 20.696 20.696v38.073H27.385z"
                            />
                            <path
                              d="M62.03 45.576c-6.645 0-12.026 5.387-12.026 12.027 0 2.659.873 5.109 2.334 7.1l7.759 13.439c.047.094.097.186.157.271l.016.027.004-.002a2.16 2.16 0 003.405.132l.02.011.075-.129a2.25 2.25 0 00.287-.497l7.608-13.178a11.962 11.962 0 002.39-7.175c-.003-6.639-5.384-12.026-12.029-12.026zM61.911 63.7a5.924 5.924 0 01-5.926-5.925 5.926 5.926 0 115.926 5.925z"
                            />
                          </svg>
                        </a>
                      </div>
                    </div>
                  </div>
                </div>
              </div>
              <div
                class="css-q7lffx"
              >
                <div
                  class="sc-bxivhb hkpChk"
                >
                  <div
                    style="transform: scale3d(1.25, 0.75, 1);"
                  >
                    <div
                      data-testid="timelineItem"
                      style="cursor: pointer;"
                    >
                      <h4>
                        Wednesday, 15 May
                      </h4>
                      <h5>
                        五月十五日，星期三
                      </h5>
                    </div>
                    <div
                      style="font-size: small; text-align: right;"
                    >
                      <span
                        aria-label="localtion"
                        role="img"
                      >
                        📍
                      </span>
                       
                      成都
                      <div>
                        <a
                          href="https://www.google.co.uk/maps/place/{成都"
                          rel="noopener noreferrer"
                          target="_blank"
                        >
                          <svg
                            aria-hidden="true"
                            class="StyledIconBase-ea9ulj-0 iLHuDN"
                            fill="currentColor"
                            focusable="false"
                            height="22"
                            style="margin-top: 5px;"
                            viewBox="0 0 100 100"
                            width="22"
                            xmlns="http://www.w3.org/2000/svg"
                          >
                            <path
                              d="M91.967 7.961c0-.016.005-.031.005-.047a2.733 2.733 0 00-2.73-2.733H39.559v.011L8.031 36.721h-.003v55.365h.003v.001a2.735 2.735 0 002.734 2.731h78.479a2.73 2.73 0 002.663-2.15h.06v-.536c0-.015.004-.029.004-.044s-.004-.029-.004-.044V7.961zm-24.328 7.177H82.01v24.597L63.897 21.621l3.742-6.483zM39.57 39.453v-.001a2.732 2.732 0 002.722-2.73V15.138H61.88l-27.17 47.06-16.725-16.725v-6.02H39.57zM17.985 84.862V52.527L32.128 66.67 21.626 84.862h-3.641zm9.4 0l33.93-58.769 20.696 20.696v38.073H27.385z"
                            />
                            <path
                              d="M62.03 45.576c-6.645 0-12.026 5.387-12.026 12.027 0 2.659.873 5.109 2.334 7.1l7.759 13.439c.047.094.097.186.157.271l.016.027.004-.002a2.16 2.16 0 003.405.132l.02.011.075-.129a2.25 2.25 0 00.287-.497l7.608-13.178a11.962 11.962 0 002.39-7.175c-.003-6.639-5.384-12.026-12.029-12.026zM61.911 63.7a5.924 5.924 0 01-5.926-5.925 5.926 5.926 0 115.926 5.925z"
                            />
                          </svg>
                        </a>
                      </div>
                    </div>
                  </div>
                </div>
              </div>
            </div>
            <div
              class="sc-htpNat fjcJqy"
              data-testid="timelineSection"
            >
              <div
                style="transform: translate3d(0, -4px, 0) scaleY(1.02);"
              >
                <div
                  class="sc-bdVaJa hBkPjd"
                >
                  <div>
                    2018
                  </div>
                </div>
              </div>
              <div
                class="css-q7lffx"
              >
                <div
                  class="sc-bxivhb hkpChk"
                >
                  <div
                    style="transform: scale3d(1.25, 0.75, 1);"
                  >
                    <div
                      data-testid="timelineItem"
                      style="cursor: pointer;"
                    >
                      <h4>
                        Saturday, 29 December
                      </h4>
                      <h5>
                        九月二十九日，星期六
                      </h5>
                    </div>
                    <div
                      style="font-size: small; text-align: right;"
                    >
                      <span
                        aria-label="localtion"
                        role="img"
                      >
                        📍
                      </span>
                       
                      巴塞罗那
                      <div>
                        <a
                          href="https://www.google.co.uk/maps/place/{巴塞罗那"
                          rel="noopener noreferrer"
                          target="_blank"
                        >
                          <svg
                            aria-hidden="true"
                            class="StyledIconBase-ea9ulj-0 iLHuDN"
                            fill="currentColor"
                            focusable="false"
                            height="22"
                            style="margin-top: 5px;"
                            viewBox="0 0 100 100"
                            width="22"
                            xmlns="http://www.w3.org/2000/svg"
                          >
                            <path
                              d="M91.967 7.961c0-.016.005-.031.005-.047a2.733 2.733 0 00-2.73-2.733H39.559v.011L8.031 36.721h-.003v55.365h.003v.001a2.735 2.735 0 002.734 2.731h78.479a2.73 2.73 0 002.663-2.15h.06v-.536c0-.015.004-.029.004-.044s-.004-.029-.004-.044V7.961zm-24.328 7.177H82.01v24.597L63.897 21.621l3.742-6.483zM39.57 39.453v-.001a2.732 2.732 0 002.722-2.73V15.138H61.88l-27.17 47.06-16.725-16.725v-6.02H39.57zM17.985 84.862V52.527L32.128 66.67 21.626 84.862h-3.641zm9.4 0l33.93-58.769 20.696 20.696v38.073H27.385z"
                            />
                            <path
                              d="M62.03 45.576c-6.645 0-12.026 5.387-12.026 12.027 0 2.659.873 5.109 2.334 7.1l7.759 13.439c.047.094.097.186.157.271l.016.027.004-.002a2.16 2.16 0 003.405.132l.02.011.075-.129a2.25 2.25 0 00.287-.497l7.608-13.178a11.962 11.962 0 002.39-7.175c-.003-6.639-5.384-12.026-12.029-12.026zM61.911 63.7a5.924 5.924 0 01-5.926-5.925 5.926 5.926 0 115.926 5.925z"
                            />
                          </svg>
                        </a>
                      </div>
                    </div>
                  </div>
                </div>
              </div>
              <div
                class="css-q7lffx"
              >
                <div
                  class="sc-bxivhb hkpChk"
                >
                  <div
                    style="transform: scale3d(1.25, 0.75, 1);"
                  >
                    <div
                      data-testid="timelineItem"
                      style="cursor: pointer;"
                    >
                      <h4>
                        Friday, 5 October
                      </h4>
                      <h5>
                        十月五日，星期五
                      </h5>
                    </div>
                    <div
                      style="font-size: small; text-align: right;"
                    >
                      <span
                        aria-label="localtion"
                        role="img"
                      >
                        📍
                      </span>
                       
                      柏林
                      <div>
                        <a
                          href="https://www.google.co.uk/maps/place/{柏林"
                          rel="noopener noreferrer"
                          target="_blank"
                        >
                          <svg
                            aria-hidden="true"
                            class="StyledIconBase-ea9ulj-0 iLHuDN"
                            fill="currentColor"
                            focusable="false"
                            height="22"
                            style="margin-top: 5px;"
                            viewBox="0 0 100 100"
                            width="22"
                            xmlns="http://www.w3.org/2000/svg"
                          >
                            <path
                              d="M91.967 7.961c0-.016.005-.031.005-.047a2.733 2.733 0 00-2.73-2.733H39.559v.011L8.031 36.721h-.003v55.365h.003v.001a2.735 2.735 0 002.734 2.731h78.479a2.73 2.73 0 002.663-2.15h.06v-.536c0-.015.004-.029.004-.044s-.004-.029-.004-.044V7.961zm-24.328 7.177H82.01v24.597L63.897 21.621l3.742-6.483zM39.57 39.453v-.001a2.732 2.732 0 002.722-2.73V15.138H61.88l-27.17 47.06-16.725-16.725v-6.02H39.57zM17.985 84.862V52.527L32.128 66.67 21.626 84.862h-3.641zm9.4 0l33.93-58.769 20.696 20.696v38.073H27.385z"
                            />
                            <path
                              d="M62.03 45.576c-6.645 0-12.026 5.387-12.026 12.027 0 2.659.873 5.109 2.334 7.1l7.759 13.439c.047.094.097.186.157.271l.016.027.004-.002a2.16 2.16 0 003.405.132l.02.011.075-.129a2.25 2.25 0 00.287-.497l7.608-13.178a11.962 11.962 0 002.39-7.175c-.003-6.639-5.384-12.026-12.029-12.026zM61.911 63.7a5.924 5.924 0 01-5.926-5.925 5.926 5.926 0 115.926 5.925z"
                            />
                          </svg>
                        </a>
                      </div>
                    </div>
                  </div>
                </div>
              </div>
            </div>
          </div>
        </div>
      </div>
    </div>
  </body>,
  "container": <div>
    <div>
      <div
        style="transform: translate3d(-100%, 0, 0);"
      >
        <div
          class="sc-bwzfXH fzPNbR"
        >
          <div
            class="sc-htpNat fjcJqy"
            data-testid="timelineSection"
          >
            <div
              style="transform: translate3d(0, -4px, 0) scaleY(1.02);"
            >
              <div
                class="sc-bdVaJa hBkPjd"
              >
                <div>
                  2020
                </div>
              </div>
            </div>
            <div
              class="css-q7lffx"
            >
              <div
                class="sc-bxivhb hkpChk"
              >
                <div
                  style="transform: scale3d(1.25, 0.75, 1);"
                >
                  <div
                    data-testid="timelineItem"
                    style="cursor: pointer;"
                  >
                    <h4>
                      Wednesday, 16 September
                    </h4>
                    <h5>
                      九月十六日，星期三
                    </h5>
                    <img
                      alt="pic"
                      src="https://images.unsplash.com/photo-1600790078201-5490baf711d6?ixlib=rb-1.2.1&ixid=eyJhcHBfaWQiOjEyMDd9&auto=format&fit=crop&w=500&q=60"
                      style="max-width: 400px; width: 100%; min-width: 100px; padding-bottom: 10px;"
                    />
                  </div>
                  <div
                    style="font-size: small; text-align: right;"
                  >
                    <span
                      aria-label="localtion"
                      role="img"
                    >
                      📍
                    </span>
                     
                    北京
                    <div>
                      <a
                        href="https://www.google.co.uk/maps/place/{北京"
                        rel="noopener noreferrer"
                        target="_blank"
                      >
                        <svg
                          aria-hidden="true"
                          class="StyledIconBase-ea9ulj-0 iLHuDN"
                          fill="currentColor"
                          focusable="false"
                          height="22"
                          style="margin-top: 5px;"
                          viewBox="0 0 100 100"
                          width="22"
                          xmlns="http://www.w3.org/2000/svg"
                        >
                          <path
                            d="M91.967 7.961c0-.016.005-.031.005-.047a2.733 2.733 0 00-2.73-2.733H39.559v.011L8.031 36.721h-.003v55.365h.003v.001a2.735 2.735 0 002.734 2.731h78.479a2.73 2.73 0 002.663-2.15h.06v-.536c0-.015.004-.029.004-.044s-.004-.029-.004-.044V7.961zm-24.328 7.177H82.01v24.597L63.897 21.621l3.742-6.483zM39.57 39.453v-.001a2.732 2.732 0 002.722-2.73V15.138H61.88l-27.17 47.06-16.725-16.725v-6.02H39.57zM17.985 84.862V52.527L32.128 66.67 21.626 84.862h-3.641zm9.4 0l33.93-58.769 20.696 20.696v38.073H27.385z"
                          />
                          <path
                            d="M62.03 45.576c-6.645 0-12.026 5.387-12.026 12.027 0 2.659.873 5.109 2.334 7.1l7.759 13.439c.047.094.097.186.157.271l.016.027.004-.002a2.16 2.16 0 003.405.132l.02.011.075-.129a2.25 2.25 0 00.287-.497l7.608-13.178a11.962 11.962 0 002.39-7.175c-.003-6.639-5.384-12.026-12.029-12.026zM61.911 63.7a5.924 5.924 0 01-5.926-5.925 5.926 5.926 0 115.926 5.925z"
                          />
                        </svg>
                      </a>
                    </div>
                  </div>
                </div>
              </div>
            </div>
            <div
              class="css-q7lffx"
            >
              <div
                class="sc-bxivhb hkpChk"
              >
                <div
                  style="transform: scale3d(1.25, 0.75, 1);"
                >
                  <div
                    data-testid="timelineItem"
                    style="cursor: pointer;"
                  >
                    <h4>
                      Tuesday, 16 June
                    </h4>
                    <h5>
                      六月十六日，星期二
                    </h5>
                    <img
                      alt="pic"
                      src="https://images.unsplash.com/photo-1587648030644-b53c19c433fb?ixlib=rb-1.2.1&ixid=eyJhcHBfaWQiOjEyMDd9&auto=format&fit=crop&w=800&q=60"
                      style="max-width: 400px; width: 100%; min-width: 100px; padding-bottom: 10px;"
                    />
                  </div>
                  <div
                    style="font-size: small; text-align: right;"
                  >
                    <span
                      aria-label="localtion"
                      role="img"
                    >
                      📍
                    </span>
                     
                    上海
                    <div>
                      <a
                        href="https://www.google.co.uk/maps/place/{上海"
                        rel="noopener noreferrer"
                        target="_blank"
                      >
                        <svg
                          aria-hidden="true"
                          class="StyledIconBase-ea9ulj-0 iLHuDN"
                          fill="currentColor"
                          focusable="false"
                          height="22"
                          style="margin-top: 5px;"
                          viewBox="0 0 100 100"
                          width="22"
                          xmlns="http://www.w3.org/2000/svg"
                        >
                          <path
                            d="M91.967 7.961c0-.016.005-.031.005-.047a2.733 2.733 0 00-2.73-2.733H39.559v.011L8.031 36.721h-.003v55.365h.003v.001a2.735 2.735 0 002.734 2.731h78.479a2.73 2.73 0 002.663-2.15h.06v-.536c0-.015.004-.029.004-.044s-.004-.029-.004-.044V7.961zm-24.328 7.177H82.01v24.597L63.897 21.621l3.742-6.483zM39.57 39.453v-.001a2.732 2.732 0 002.722-2.73V15.138H61.88l-27.17 47.06-16.725-16.725v-6.02H39.57zM17.985 84.862V52.527L32.128 66.67 21.626 84.862h-3.641zm9.4 0l33.93-58.769 20.696 20.696v38.073H27.385z"
                          />
                          <path
                            d="M62.03 45.576c-6.645 0-12.026 5.387-12.026 12.027 0 2.659.873 5.109 2.334 7.1l7.759 13.439c.047.094.097.186.157.271l.016.027.004-.002a2.16 2.16 0 003.405.132l.02.011.075-.129a2.25 2.25 0 00.287-.497l7.608-13.178a11.962 11.962 0 002.39-7.175c-.003-6.639-5.384-12.026-12.029-12.026zM61.911 63.7a5.924 5.924 0 01-5.926-5.925 5.926 5.926 0 115.926 5.925z"
                          />
                        </svg>
                      </a>
                    </div>
                  </div>
                </div>
              </div>
            </div>
            <div
              class="css-q7lffx"
            >
              <div
                class="sc-bxivhb hkpChk"
              >
                <div
                  style="transform: scale3d(1.25, 0.75, 1);"
                >
                  <div
                    data-testid="timelineItem"
                    style="cursor: pointer;"
                  >
                    <h4>
                      Friday, 27 March
                    </h4>
                    <h5>
                      副标题
                    </h5>
                    <img
                      alt="pic"
                      src="https://images.unsplash.com/photo-1600679621003-7d73ef359c8c?ixlib=rb-1.2.1&ixid=eyJhcHBfaWQiOjEyMDd9&auto=format&fit=crop&w=500&q=60.unsplash.com/photo-1600790078201-5490baf711d6?ixlib=rb-1.2.1&ixid=eyJhcHBfaWQiOjEyMDd9&auto=format&fit=crop&w=500&q=60"
                      style="max-width: 400px; width: 100%; min-width: 100px; padding-bottom: 10px;"
                    />
                  </div>
                  <div
                    style="font-size: small; text-align: right;"
                  >
                    <span
                      aria-label="localtion"
                      role="img"
                    >
                      📍
                    </span>
                     
                    杭州
                    <div>
                      <a
                        href="https://www.google.co.uk/maps/place/{杭州"
                        rel="noopener noreferrer"
                        target="_blank"
                      >
                        <svg
                          aria-hidden="true"
                          class="StyledIconBase-ea9ulj-0 iLHuDN"
                          fill="currentColor"
                          focusable="false"
                          height="22"
                          style="margin-top: 5px;"
                          viewBox="0 0 100 100"
                          width="22"
                          xmlns="http://www.w3.org/2000/svg"
                        >
                          <path
                            d="M91.967 7.961c0-.016.005-.031.005-.047a2.733 2.733 0 00-2.73-2.733H39.559v.011L8.031 36.721h-.003v55.365h.003v.001a2.735 2.735 0 002.734 2.731h78.479a2.73 2.73 0 002.663-2.15h.06v-.536c0-.015.004-.029.004-.044s-.004-.029-.004-.044V7.961zm-24.328 7.177H82.01v24.597L63.897 21.621l3.742-6.483zM39.57 39.453v-.001a2.732 2.732 0 002.722-2.73V15.138H61.88l-27.17 47.06-16.725-16.725v-6.02H39.57zM17.985 84.862V52.527L32.128 66.67 21.626 84.862h-3.641zm9.4 0l33.93-58.769 20.696 20.696v38.073H27.385z"
                          />
                          <path
                            d="M62.03 45.576c-6.645 0-12.026 5.387-12.026 12.027 0 2.659.873 5.109 2.334 7.1l7.759 13.439c.047.094.097.186.157.271l.016.027.004-.002a2.16 2.16 0 003.405.132l.02.011.075-.129a2.25 2.25 0 00.287-.497l7.608-13.178a11.962 11.962 0 002.39-7.175c-.003-6.639-5.384-12.026-12.029-12.026zM61.911 63.7a5.924 5.924 0 01-5.926-5.925 5.926 5.926 0 115.926 5.925z"
                          />
                        </svg>
                      </a>
                    </div>
                  </div>
                </div>
              </div>
            </div>
          </div>
          <div
            class="sc-htpNat fjcJqy"
            data-testid="timelineSection"
          >
            <div
              style="transform: translate3d(0, -4px, 0) scaleY(1.02);"
            >
              <div
                class="sc-bdVaJa hBkPjd"
              >
                <div>
                  2019
                </div>
              </div>
            </div>
            <div
              class="css-q7lffx"
            >
              <div
                class="sc-bxivhb hkpChk"
              >
                <div
                  style="transform: scale3d(1.25, 0.75, 1);"
                >
                  <div
                    data-testid="timelineItem"
                    style="cursor: pointer;"
                  >
                    <h4>
                      Friday, 16 August
                    </h4>
                    <h5>
                      八月十六日，星期五
                    </h5>
                  </div>
                  <div
                    style="font-size: small; text-align: right;"
                  >
                    <span
                      aria-label="localtion"
                      role="img"
                    >
                      📍
                    </span>
                     
                    石家庄
                    <div>
                      <a
                        href="https://www.google.co.uk/maps/place/{石家庄"
                        rel="noopener noreferrer"
                        target="_blank"
                      >
                        <svg
                          aria-hidden="true"
                          class="StyledIconBase-ea9ulj-0 iLHuDN"
                          fill="currentColor"
                          focusable="false"
                          height="22"
                          style="margin-top: 5px;"
                          viewBox="0 0 100 100"
                          width="22"
                          xmlns="http://www.w3.org/2000/svg"
                        >
                          <path
                            d="M91.967 7.961c0-.016.005-.031.005-.047a2.733 2.733 0 00-2.73-2.733H39.559v.011L8.031 36.721h-.003v55.365h.003v.001a2.735 2.735 0 002.734 2.731h78.479a2.73 2.73 0 002.663-2.15h.06v-.536c0-.015.004-.029.004-.044s-.004-.029-.004-.044V7.961zm-24.328 7.177H82.01v24.597L63.897 21.621l3.742-6.483zM39.57 39.453v-.001a2.732 2.732 0 002.722-2.73V15.138H61.88l-27.17 47.06-16.725-16.725v-6.02H39.57zM17.985 84.862V52.527L32.128 66.67 21.626 84.862h-3.641zm9.4 0l33.93-58.769 20.696 20.696v38.073H27.385z"
                          />
                          <path
                            d="M62.03 45.576c-6.645 0-12.026 5.387-12.026 12.027 0 2.659.873 5.109 2.334 7.1l7.759 13.439c.047.094.097.186.157.271l.016.027.004-.002a2.16 2.16 0 003.405.132l.02.011.075-.129a2.25 2.25 0 00.287-.497l7.608-13.178a11.962 11.962 0 002.39-7.175c-.003-6.639-5.384-12.026-12.029-12.026zM61.911 63.7a5.924 5.924 0 01-5.926-5.925 5.926 5.926 0 115.926 5.925z"
                          />
                        </svg>
                      </a>
                    </div>
                  </div>
                </div>
              </div>
            </div>
            <div
              class="css-q7lffx"
            >
              <div
                class="sc-bxivhb hkpChk"
              >
                <div
                  style="transform: scale3d(1.25, 0.75, 1);"
                >
                  <div
                    data-testid="timelineItem"
                    style="cursor: pointer;"
                  >
                    <h4>
                      Wednesday, 15 May
                    </h4>
                    <h5>
                      五月十五日，星期三
                    </h5>
                  </div>
                  <div
                    style="font-size: small; text-align: right;"
                  >
                    <span
                      aria-label="localtion"
                      role="img"
                    >
                      📍
                    </span>
                     
                    成都
                    <div>
                      <a
                        href="https://www.google.co.uk/maps/place/{成都"
                        rel="noopener noreferrer"
                        target="_blank"
                      >
                        <svg
                          aria-hidden="true"
                          class="StyledIconBase-ea9ulj-0 iLHuDN"
                          fill="currentColor"
                          focusable="false"
                          height="22"
                          style="margin-top: 5px;"
                          viewBox="0 0 100 100"
                          width="22"
                          xmlns="http://www.w3.org/2000/svg"
                        >
                          <path
                            d="M91.967 7.961c0-.016.005-.031.005-.047a2.733 2.733 0 00-2.73-2.733H39.559v.011L8.031 36.721h-.003v55.365h.003v.001a2.735 2.735 0 002.734 2.731h78.479a2.73 2.73 0 002.663-2.15h.06v-.536c0-.015.004-.029.004-.044s-.004-.029-.004-.044V7.961zm-24.328 7.177H82.01v24.597L63.897 21.621l3.742-6.483zM39.57 39.453v-.001a2.732 2.732 0 002.722-2.73V15.138H61.88l-27.17 47.06-16.725-16.725v-6.02H39.57zM17.985 84.862V52.527L32.128 66.67 21.626 84.862h-3.641zm9.4 0l33.93-58.769 20.696 20.696v38.073H27.385z"
                          />
                          <path
                            d="M62.03 45.576c-6.645 0-12.026 5.387-12.026 12.027 0 2.659.873 5.109 2.334 7.1l7.759 13.439c.047.094.097.186.157.271l.016.027.004-.002a2.16 2.16 0 003.405.132l.02.011.075-.129a2.25 2.25 0 00.287-.497l7.608-13.178a11.962 11.962 0 002.39-7.175c-.003-6.639-5.384-12.026-12.029-12.026zM61.911 63.7a5.924 5.924 0 01-5.926-5.925 5.926 5.926 0 115.926 5.925z"
                          />
                        </svg>
                      </a>
                    </div>
                  </div>
                </div>
              </div>
            </div>
          </div>
          <div
            class="sc-htpNat fjcJqy"
            data-testid="timelineSection"
          >
            <div
              style="transform: translate3d(0, -4px, 0) scaleY(1.02);"
            >
              <div
                class="sc-bdVaJa hBkPjd"
              >
                <div>
                  2018
                </div>
              </div>
            </div>
            <div
              class="css-q7lffx"
            >
              <div
                class="sc-bxivhb hkpChk"
              >
                <div
                  style="transform: scale3d(1.25, 0.75, 1);"
                >
                  <div
                    data-testid="timelineItem"
                    style="cursor: pointer;"
                  >
                    <h4>
                      Saturday, 29 December
                    </h4>
                    <h5>
                      九月二十九日，星期六
                    </h5>
                  </div>
                  <div
                    style="font-size: small; text-align: right;"
                  >
                    <span
                      aria-label="localtion"
                      role="img"
                    >
                      📍
                    </span>
                     
                    巴塞罗那
                    <div>
                      <a
                        href="https://www.google.co.uk/maps/place/{巴塞罗那"
                        rel="noopener noreferrer"
                        target="_blank"
                      >
                        <svg
                          aria-hidden="true"
                          class="StyledIconBase-ea9ulj-0 iLHuDN"
                          fill="currentColor"
                          focusable="false"
                          height="22"
                          style="margin-top: 5px;"
                          viewBox="0 0 100 100"
                          width="22"
                          xmlns="http://www.w3.org/2000/svg"
                        >
                          <path
                            d="M91.967 7.961c0-.016.005-.031.005-.047a2.733 2.733 0 00-2.73-2.733H39.559v.011L8.031 36.721h-.003v55.365h.003v.001a2.735 2.735 0 002.734 2.731h78.479a2.73 2.73 0 002.663-2.15h.06v-.536c0-.015.004-.029.004-.044s-.004-.029-.004-.044V7.961zm-24.328 7.177H82.01v24.597L63.897 21.621l3.742-6.483zM39.57 39.453v-.001a2.732 2.732 0 002.722-2.73V15.138H61.88l-27.17 47.06-16.725-16.725v-6.02H39.57zM17.985 84.862V52.527L32.128 66.67 21.626 84.862h-3.641zm9.4 0l33.93-58.769 20.696 20.696v38.073H27.385z"
                          />
                          <path
                            d="M62.03 45.576c-6.645 0-12.026 5.387-12.026 12.027 0 2.659.873 5.109 2.334 7.1l7.759 13.439c.047.094.097.186.157.271l.016.027.004-.002a2.16 2.16 0 003.405.132l.02.011.075-.129a2.25 2.25 0 00.287-.497l7.608-13.178a11.962 11.962 0 002.39-7.175c-.003-6.639-5.384-12.026-12.029-12.026zM61.911 63.7a5.924 5.924 0 01-5.926-5.925 5.926 5.926 0 115.926 5.925z"
                          />
                        </svg>
                      </a>
                    </div>
                  </div>
                </div>
              </div>
            </div>
            <div
              class="css-q7lffx"
            >
              <div
                class="sc-bxivhb hkpChk"
              >
                <div
                  style="transform: scale3d(1.25, 0.75, 1);"
                >
                  <div
                    data-testid="timelineItem"
                    style="cursor: pointer;"
                  >
                    <h4>
                      Friday, 5 October
                    </h4>
                    <h5>
                      十月五日，星期五
                    </h5>
                  </div>
                  <div
                    style="font-size: small; text-align: right;"
                  >
                    <span
                      aria-label="localtion"
                      role="img"
                    >
                      📍
                    </span>
                     
                    柏林
                    <div>
                      <a
                        href="https://www.google.co.uk/maps/place/{柏林"
                        rel="noopener noreferrer"
                        target="_blank"
                      >
                        <svg
                          aria-hidden="true"
                          class="StyledIconBase-ea9ulj-0 iLHuDN"
                          fill="currentColor"
                          focusable="false"
                          height="22"
                          style="margin-top: 5px;"
                          viewBox="0 0 100 100"
                          width="22"
                          xmlns="http://www.w3.org/2000/svg"
                        >
                          <path
                            d="M91.967 7.961c0-.016.005-.031.005-.047a2.733 2.733 0 00-2.73-2.733H39.559v.011L8.031 36.721h-.003v55.365h.003v.001a2.735 2.735 0 002.734 2.731h78.479a2.73 2.73 0 002.663-2.15h.06v-.536c0-.015.004-.029.004-.044s-.004-.029-.004-.044V7.961zm-24.328 7.177H82.01v24.597L63.897 21.621l3.742-6.483zM39.57 39.453v-.001a2.732 2.732 0 002.722-2.73V15.138H61.88l-27.17 47.06-16.725-16.725v-6.02H39.57zM17.985 84.862V52.527L32.128 66.67 21.626 84.862h-3.641zm9.4 0l33.93-58.769 20.696 20.696v38.073H27.385z"
                          />
                          <path
                            d="M62.03 45.576c-6.645 0-12.026 5.387-12.026 12.027 0 2.659.873 5.109 2.334 7.1l7.759 13.439c.047.094.097.186.157.271l.016.027.004-.002a2.16 2.16 0 003.405.132l.02.011.075-.129a2.25 2.25 0 00.287-.497l7.608-13.178a11.962 11.962 0 002.39-7.175c-.003-6.639-5.384-12.026-12.029-12.026zM61.911 63.7a5.924 5.924 0 01-5.926-5.925 5.926 5.926 0 115.926 5.925z"
                          />
                        </svg>
                      </a>
                    </div>
                  </div>
                </div>
              </div>
            </div>
          </div>
        </div>
      </div>
    </div>
  </div>,
  "debug": [Function],
  "findAllByAltText": [Function],
  "findAllByDisplayValue": [Function],
  "findAllByLabelText": [Function],
  "findAllByPlaceholderText": [Function],
  "findAllByRole": [Function],
  "findAllByTestId": [Function],
  "findAllByText": [Function],
  "findAllByTitle": [Function],
  "findByAltText": [Function],
  "findByDisplayValue": [Function],
  "findByLabelText": [Function],
  "findByPlaceholderText": [Function],
  "findByRole": [Function],
  "findByTestId": [Function],
  "findByText": [Function],
  "findByTitle": [Function],
  "getAllByAltText": [Function],
  "getAllByDisplayValue": [Function],
  "getAllByLabelText": [Function],
  "getAllByPlaceholderText": [Function],
  "getAllByRole": [Function],
  "getAllByTestId": [Function],
  "getAllByText": [Function],
  "getAllByTitle": [Function],
  "getByAltText": [Function],
  "getByDisplayValue": [Function],
  "getByLabelText": [Function],
  "getByPlaceholderText": [Function],
  "getByRole": [Function],
  "getByTestId": [Function],
  "getByText": [Function],
  "getByTitle": [Function],
  "queryAllByAltText": [Function],
  "queryAllByDisplayValue": [Function],
  "queryAllByLabelText": [Function],
  "queryAllByPlaceholderText": [Function],
  "queryAllByRole": [Function],
  "queryAllByTestId": [Function],
  "queryAllByText": [Function],
  "queryAllByTitle": [Function],
  "queryByAltText": [Function],
  "queryByDisplayValue": [Function],
  "queryByLabelText": [Function],
  "queryByPlaceholderText": [Function],
  "queryByRole": [Function],
  "queryByTestId": [Function],
  "queryByText": [Function],
  "queryByTitle": [Function],
  "rerender": [Function],
  "unmount": [Function],
}
`;
