// Jest Snapshot v1, https://goo.gl/fbAQLP

exports[`Timeline renders correctly 1`] = `
Object {
  "asFragment": [Function],
  "baseElement": <body>
    <div>
      <div
        style="transform: translate3d(-100%, 0, 0);"
      >
        <div
          class="sc-bwzfXH bLBnQy"
        >
          <div
            class="sc-htpNat dlmhIC"
          >
            <div
              style="transform: translate3d(0, -4px, 0) scaleY(1.02);"
            >
              <div
                class="sc-bdVaJa etLeOx"
              >
                <div>
                  2020
                </div>
              </div>
            </div>
            <div
              class="css-q7lffx"
            >
              <div
                class="sc-bxivhb jPFuB"
              >
                <div
                  style="transform: scale3d(1.25, 0.75, 1);"
                >
                  <div
                    style="cursor: pointer;"
                  >
                    <h4>
                      Wednesday, 16 September
                    </h4>
                    <h5>
                      九月十六日，星期三
                    </h5>
                    <img
                      alt="pic"
                      src="https://images.unsplash.com/photo-1600790078201-5490baf711d6?ixlib=rb-1.2.1&ixid=eyJhcHBfaWQiOjEyMDd9&auto=format&fit=crop&w=500&q=60"
                      style="max-width: 400px; width: 100%; min-width: 100px; padding-bottom: 10px;"
                    />
                  </div>
                  <div
                    style="font-size: small; text-align: right;"
                  >
                    <span
                      aria-label="localtion"
                      role="img"
                    >
                      📍
                    </span>
                     
                    北京
                  </div>
                </div>
              </div>
            </div>
            <div
              class="css-q7lffx"
            >
              <div
                class="sc-bxivhb jPFuB"
              >
                <div
                  style="transform: scale3d(1.25, 0.75, 1);"
                >
                  <div
                    style="cursor: pointer;"
                  >
                    <h4>
                      Tuesday, 16 June
                    </h4>
                    <h5>
                      六月十六日，星期二
                    </h5>
                    <img
                      alt="pic"
                      src="https://images.unsplash.com/photo-1587648030644-b53c19c433fb?ixlib=rb-1.2.1&ixid=eyJhcHBfaWQiOjEyMDd9&auto=format&fit=crop&w=800&q=60"
                      style="max-width: 400px; width: 100%; min-width: 100px; padding-bottom: 10px;"
                    />
                  </div>
                  <div
                    style="font-size: small; text-align: right;"
                  >
                    <span
                      aria-label="localtion"
                      role="img"
                    >
                      📍
                    </span>
                     
                    上海
                  </div>
                </div>
              </div>
            </div>
            <div
              class="css-q7lffx"
            >
              <div
                class="sc-bxivhb jPFuB"
              >
                <div
                  style="transform: scale3d(1.25, 0.75, 1);"
                >
                  <div
                    style="cursor: pointer;"
                  >
                    <h4>
                      Friday, 27 March
                    </h4>
                    <h5>
                      副标题
                    </h5>
                    <img
                      alt="pic"
                      src="https://images.unsplash.com/photo-1600679621003-7d73ef359c8c?ixlib=rb-1.2.1&ixid=eyJhcHBfaWQiOjEyMDd9&auto=format&fit=crop&w=500&q=60.unsplash.com/photo-1600790078201-5490baf711d6?ixlib=rb-1.2.1&ixid=eyJhcHBfaWQiOjEyMDd9&auto=format&fit=crop&w=500&q=60"
                      style="max-width: 400px; width: 100%; min-width: 100px; padding-bottom: 10px;"
                    />
                  </div>
                  <div
                    style="font-size: small; text-align: right;"
                  >
                    <span
                      aria-label="localtion"
                      role="img"
                    >
                      📍
                    </span>
                     
                    杭州
                  </div>
                </div>
              </div>
            </div>
          </div>
          <div
            class="sc-htpNat dlmhIC"
          >
            <div
              style="transform: translate3d(0, -4px, 0) scaleY(1.02);"
            >
              <div
                class="sc-bdVaJa etLeOx"
              >
                <div>
                  2019
                </div>
              </div>
            </div>
            <div
              class="css-q7lffx"
            >
              <div
                class="sc-bxivhb jPFuB"
              >
                <div
                  style="transform: scale3d(1.25, 0.75, 1);"
                >
                  <div
                    style="cursor: pointer;"
                  >
                    <h4>
                      Friday, 16 August
                    </h4>
                    <h5>
                      八月十六日，星期五
                    </h5>
                  </div>
                  <div
                    style="font-size: small; text-align: right;"
                  >
                    <span
                      aria-label="localtion"
                      role="img"
                    >
                      📍
                    </span>
                     
                    石家庄
                  </div>
                </div>
              </div>
            </div>
            <div
              class="css-q7lffx"
            >
              <div
                class="sc-bxivhb jPFuB"
              >
                <div
                  style="transform: scale3d(1.25, 0.75, 1);"
                >
                  <div
                    style="cursor: pointer;"
                  >
                    <h4>
                      Wednesday, 15 May
                    </h4>
                    <h5>
                      五月十五日，星期三
                    </h5>
                  </div>
                  <div
                    style="font-size: small; text-align: right;"
                  >
                    <span
                      aria-label="localtion"
                      role="img"
                    >
                      📍
                    </span>
                     
                    成都
                  </div>
                </div>
              </div>
            </div>
          </div>
          <div
            class="sc-htpNat dlmhIC"
          >
            <div
              style="transform: translate3d(0, -4px, 0) scaleY(1.02);"
            >
              <div
                class="sc-bdVaJa etLeOx"
              >
                <div>
                  2018
                </div>
              </div>
            </div>
            <div
              class="css-q7lffx"
            >
              <div
                class="sc-bxivhb jPFuB"
              >
                <div
                  style="transform: scale3d(1.25, 0.75, 1);"
                >
                  <div
                    style="cursor: pointer;"
                  >
                    <h4>
                      Saturday, 29 December
                    </h4>
                    <h5>
                      九月二十九日，星期六
                    </h5>
                  </div>
                  <div
                    style="font-size: small; text-align: right;"
                  >
                    <span
                      aria-label="localtion"
                      role="img"
                    >
                      📍
                    </span>
                     
                    巴塞罗那
                  </div>
                </div>
              </div>
            </div>
            <div
              class="css-q7lffx"
            >
              <div
                class="sc-bxivhb jPFuB"
              >
                <div
                  style="transform: scale3d(1.25, 0.75, 1);"
                >
                  <div
                    style="cursor: pointer;"
                  >
                    <h4>
                      Friday, 5 October
                    </h4>
                    <h5>
                      十月五日，星期五
                    </h5>
                  </div>
                  <div
                    style="font-size: small; text-align: right;"
                  >
                    <span
                      aria-label="localtion"
                      role="img"
                    >
                      📍
                    </span>
                     
                    柏林
                  </div>
                </div>
              </div>
            </div>
          </div>
        </div>
      </div>
    </div>
  </body>,
  "container": <div>
    <div
      style="transform: translate3d(-100%, 0, 0);"
    >
      <div
        class="sc-bwzfXH bLBnQy"
      >
        <div
          class="sc-htpNat dlmhIC"
        >
          <div
            style="transform: translate3d(0, -4px, 0) scaleY(1.02);"
          >
            <div
              class="sc-bdVaJa etLeOx"
            >
              <div>
                2020
              </div>
            </div>
          </div>
          <div
            class="css-q7lffx"
          >
            <div
              class="sc-bxivhb jPFuB"
            >
              <div
                style="transform: scale3d(1.25, 0.75, 1);"
              >
                <div
                  style="cursor: pointer;"
                >
                  <h4>
                    Wednesday, 16 September
                  </h4>
                  <h5>
                    九月十六日，星期三
                  </h5>
                  <img
                    alt="pic"
                    src="https://images.unsplash.com/photo-1600790078201-5490baf711d6?ixlib=rb-1.2.1&ixid=eyJhcHBfaWQiOjEyMDd9&auto=format&fit=crop&w=500&q=60"
                    style="max-width: 400px; width: 100%; min-width: 100px; padding-bottom: 10px;"
                  />
                </div>
                <div
                  style="font-size: small; text-align: right;"
                >
                  <span
                    aria-label="localtion"
                    role="img"
                  >
                    📍
                  </span>
                   
                  北京
                </div>
              </div>
            </div>
          </div>
          <div
            class="css-q7lffx"
          >
            <div
              class="sc-bxivhb jPFuB"
            >
              <div
                style="transform: scale3d(1.25, 0.75, 1);"
              >
                <div
                  style="cursor: pointer;"
                >
                  <h4>
                    Tuesday, 16 June
                  </h4>
                  <h5>
                    六月十六日，星期二
                  </h5>
                  <img
                    alt="pic"
                    src="https://images.unsplash.com/photo-1587648030644-b53c19c433fb?ixlib=rb-1.2.1&ixid=eyJhcHBfaWQiOjEyMDd9&auto=format&fit=crop&w=800&q=60"
                    style="max-width: 400px; width: 100%; min-width: 100px; padding-bottom: 10px;"
                  />
                </div>
                <div
                  style="font-size: small; text-align: right;"
                >
                  <span
                    aria-label="localtion"
                    role="img"
                  >
                    📍
                  </span>
                   
                  上海
                </div>
              </div>
            </div>
          </div>
          <div
            class="css-q7lffx"
          >
            <div
              class="sc-bxivhb jPFuB"
            >
              <div
                style="transform: scale3d(1.25, 0.75, 1);"
              >
                <div
                  style="cursor: pointer;"
                >
                  <h4>
                    Friday, 27 March
                  </h4>
                  <h5>
                    副标题
                  </h5>
                  <img
                    alt="pic"
                    src="https://images.unsplash.com/photo-1600679621003-7d73ef359c8c?ixlib=rb-1.2.1&ixid=eyJhcHBfaWQiOjEyMDd9&auto=format&fit=crop&w=500&q=60.unsplash.com/photo-1600790078201-5490baf711d6?ixlib=rb-1.2.1&ixid=eyJhcHBfaWQiOjEyMDd9&auto=format&fit=crop&w=500&q=60"
                    style="max-width: 400px; width: 100%; min-width: 100px; padding-bottom: 10px;"
                  />
                </div>
                <div
                  style="font-size: small; text-align: right;"
                >
                  <span
                    aria-label="localtion"
                    role="img"
                  >
                    📍
                  </span>
                   
                  杭州
                </div>
              </div>
            </div>
          </div>
        </div>
        <div
          class="sc-htpNat dlmhIC"
        >
          <div
            style="transform: translate3d(0, -4px, 0) scaleY(1.02);"
          >
            <div
              class="sc-bdVaJa etLeOx"
            >
              <div>
                2019
              </div>
            </div>
          </div>
          <div
            class="css-q7lffx"
          >
            <div
              class="sc-bxivhb jPFuB"
            >
              <div
                style="transform: scale3d(1.25, 0.75, 1);"
              >
                <div
                  style="cursor: pointer;"
                >
                  <h4>
                    Friday, 16 August
                  </h4>
                  <h5>
                    八月十六日，星期五
                  </h5>
                </div>
                <div
                  style="font-size: small; text-align: right;"
                >
                  <span
                    aria-label="localtion"
                    role="img"
                  >
                    📍
                  </span>
                   
                  石家庄
                </div>
              </div>
            </div>
          </div>
          <div
            class="css-q7lffx"
          >
            <div
              class="sc-bxivhb jPFuB"
            >
              <div
                style="transform: scale3d(1.25, 0.75, 1);"
              >
                <div
                  style="cursor: pointer;"
                >
                  <h4>
                    Wednesday, 15 May
                  </h4>
                  <h5>
                    五月十五日，星期三
                  </h5>
                </div>
                <div
                  style="font-size: small; text-align: right;"
                >
                  <span
                    aria-label="localtion"
                    role="img"
                  >
                    📍
                  </span>
                   
                  成都
                </div>
              </div>
            </div>
          </div>
        </div>
        <div
          class="sc-htpNat dlmhIC"
        >
          <div
            style="transform: translate3d(0, -4px, 0) scaleY(1.02);"
          >
            <div
              class="sc-bdVaJa etLeOx"
            >
              <div>
                2018
              </div>
            </div>
          </div>
          <div
            class="css-q7lffx"
          >
            <div
              class="sc-bxivhb jPFuB"
            >
              <div
                style="transform: scale3d(1.25, 0.75, 1);"
              >
                <div
                  style="cursor: pointer;"
                >
                  <h4>
                    Saturday, 29 December
                  </h4>
                  <h5>
                    九月二十九日，星期六
                  </h5>
                </div>
                <div
                  style="font-size: small; text-align: right;"
                >
                  <span
                    aria-label="localtion"
                    role="img"
                  >
                    📍
                  </span>
                   
                  巴塞罗那
                </div>
              </div>
            </div>
          </div>
          <div
            class="css-q7lffx"
          >
            <div
              class="sc-bxivhb jPFuB"
            >
              <div
                style="transform: scale3d(1.25, 0.75, 1);"
              >
                <div
                  style="cursor: pointer;"
                >
                  <h4>
                    Friday, 5 October
                  </h4>
                  <h5>
                    十月五日，星期五
                  </h5>
                </div>
                <div
                  style="font-size: small; text-align: right;"
                >
                  <span
                    aria-label="localtion"
                    role="img"
                  >
                    📍
                  </span>
                   
                  柏林
                </div>
              </div>
            </div>
          </div>
        </div>
      </div>
    </div>
  </div>,
  "debug": [Function],
  "findAllByAltText": [Function],
  "findAllByDisplayValue": [Function],
  "findAllByLabelText": [Function],
  "findAllByPlaceholderText": [Function],
  "findAllByRole": [Function],
  "findAllByTestId": [Function],
  "findAllByText": [Function],
  "findAllByTitle": [Function],
  "findByAltText": [Function],
  "findByDisplayValue": [Function],
  "findByLabelText": [Function],
  "findByPlaceholderText": [Function],
  "findByRole": [Function],
  "findByTestId": [Function],
  "findByText": [Function],
  "findByTitle": [Function],
  "getAllByAltText": [Function],
  "getAllByDisplayValue": [Function],
  "getAllByLabelText": [Function],
  "getAllByPlaceholderText": [Function],
  "getAllByRole": [Function],
  "getAllByTestId": [Function],
  "getAllByText": [Function],
  "getAllByTitle": [Function],
  "getByAltText": [Function],
  "getByDisplayValue": [Function],
  "getByLabelText": [Function],
  "getByPlaceholderText": [Function],
  "getByRole": [Function],
  "getByTestId": [Function],
  "getByText": [Function],
  "getByTitle": [Function],
  "queryAllByAltText": [Function],
  "queryAllByDisplayValue": [Function],
  "queryAllByLabelText": [Function],
  "queryAllByPlaceholderText": [Function],
  "queryAllByRole": [Function],
  "queryAllByTestId": [Function],
  "queryAllByText": [Function],
  "queryAllByTitle": [Function],
  "queryByAltText": [Function],
  "queryByDisplayValue": [Function],
  "queryByLabelText": [Function],
  "queryByPlaceholderText": [Function],
  "queryByRole": [Function],
  "queryByTestId": [Function],
  "queryByText": [Function],
  "queryByTitle": [Function],
  "rerender": [Function],
  "unmount": [Function],
}
`;
